[36mvite v8.0.16 [32mbuilding ssr environment for production...[36m[39m
[2K
transforming...✓ 3893 modules transformed.
rendering chunks...
[36mvite v8.0.16 [32mbuilding client environment for production...[36m[39m
[2K
transforming...✓ 3905 modules transformed.
rendering chunks...
computing gzip size...
.svelte-kit/output/client/_app/version.json                                                     0.02 kB │ gzip:  0.04 kB
.svelte-kit/output/client/_app/immutable/assets/inter-vietnamese-wght-normal.CBcvBZtf.woff2    10.25 kB
.svelte-kit/output/client/_app/immutable/assets/inter-greek-ext-wght-normal.DlzME5K_.woff2     11.23 kB
.svelte-kit/output/client/.vite/manifest.json                                                  13.68 kB │ gzip:  1.64 kB
.svelte-kit/output/client/_app/immutable/assets/inter-cyrillic-wght-normal.DqGufNeO.woff2      18.74 kB
.svelte-kit/output/client/_app/immutable/assets/inter-greek-wght-normal.CkhJZR-_.woff2         18.99 kB
.svelte-kit/output/client/_app/immutable/assets/inter-cyrillic-ext-wght-normal.BOeWTOD4.woff2  25.96 kB
.svelte-kit/output/client/_app/immutable/assets/inter-latin-wght-normal.Dx4kXJAl.woff2         48.25 kB
.svelte-kit/output/client/_app/immutable/assets/inter-latin-ext-wght-normal.DO1Apj_S.woff2     85.06 kB
.svelte-kit/output/client/_app/immutable/assets/StaggerContainer.D852rmhR.css                   2.24 kB │ gzip:  0.33 kB
.svelte-kit/output/client/_app/immutable/assets/Lightbox.DNCK0qz3.css                           4.83 kB │ gzip:  1.54 kB
.svelte-kit/output/client/_app/immutable/assets/0.BL0YU9KZ.css                                 81.61 kB │ gzip: 13.39 kB
.svelte-kit/output/client/_app/immutable/chunks/9P5q4wyF.js                                     0.03 kB │ gzip:  0.05 kB
.svelte-kit/output/client/_app/immutable/chunks/xihTtKlq.js                                     0.06 kB │ gzip:  0.08 kB
.svelte-kit/output/client/_app/immutable/entry/start.Bdu5mHAq.js                                0.07 kB │ gzip:  0.08 kB
.svelte-kit/output/client/_app/immutable/chunks/D1V25wl5.js                                     0.30 kB │ gzip:  0.25 kB
.svelte-kit/output/client/_app/immutable/chunks/DPRVUt4a.js                                     0.30 kB │ gzip:  0.25 kB
.svelte-kit/output/client/_app/immutable/chunks/BoepS11D.js                                     0.33 kB │ gzip:  0.18 kB
.svelte-kit/output/client/_app/immutable/chunks/Dk64-bT9.js                                     0.33 kB │ gzip:  0.27 kB
.svelte-kit/output/client/_app/immutable/chunks/DC3WodAQ.js                                     0.35 kB │ gzip:  0.29 kB
.svelte-kit/output/client/_app/immutable/nodes/1.DZkiVU6C.js                                    0.37 kB │ gzip:  0.26 kB
.svelte-kit/output/client/_app/immutable/chunks/Dj3Sv0-K.js                                     0.40 kB │ gzip:  0.31 kB
.svelte-kit/output/client/_app/immutable/chunks/lQb8mhJr.js                                     0.47 kB │ gzip:  0.32 kB
.svelte-kit/output/client/_app/immutable/chunks/dz0PmHHS.js                                     0.49 kB │ gzip:  0.33 kB
.svelte-kit/output/client/_app/immutable/chunks/BsBbmLLZ.js                                     0.68 kB │ gzip:  0.40 kB
.svelte-kit/output/client/_app/immutable/chunks/kNaey6uv.js                                     1.20 kB │ gzip:  0.68 kB
.svelte-kit/output/client/_app/immutable/chunks/D3xs2fJm.js                                     1.65 kB │ gzip:  0.79 kB
.svelte-kit/output/client/_app/immutable/chunks/C_oPCDC9.js                                     1.73 kB │ gzip:  0.84 kB
.svelte-kit/output/client/_app/immutable/chunks/HihCBx4h.js                                     1.91 kB │ gzip:  0.99 kB
.svelte-kit/output/client/_app/immutable/chunks/DVtPFCQi.js                                     2.10 kB │ gzip:  1.21 kB
.svelte-kit/output/client/_app/immutable/chunks/D2ulL2ow.js                                     2.50 kB │ gzip:  0.85 kB
.svelte-kit/output/client/_app/immutable/chunks/BQygUzmC.js                                     2.52 kB │ gzip:  1.39 kB
.svelte-kit/output/client/_app/immutable/nodes/4.Cnm36r26.js                                    2.95 kB │ gzip:  1.39 kB
.svelte-kit/output/client/_app/immutable/nodes/8.Zt2et9AO.js                                    4.13 kB │ gzip:  2.01 kB
.svelte-kit/output/client/_app/immutable/nodes/6.slrZqEi-.js                                    4.38 kB │ gzip:  1.95 kB
.svelte-kit/output/client/_app/immutable/entry/app.CvYG6VFT.js                                  4.42 kB │ gzip:  1.76 kB
.svelte-kit/output/client/_app/immutable/nodes/7.DbXWTKZ4.js                                    4.44 kB │ gzip:  1.95 kB
.svelte-kit/output/client/_app/immutable/nodes/5.DO7c9YM1.js                                    4.63 kB │ gzip:  2.08 kB
.svelte-kit/output/client/_app/immutable/nodes/9.npLkA5Ja.js                                    4.69 kB │ gzip:  1.92 kB
.svelte-kit/output/client/_app/immutable/chunks/Dwtai9ZW.js                                     5.75 kB │ gzip:  3.10 kB
.svelte-kit/output/client/_app/immutable/chunks/C2Dt4sOW.js                                     7.98 kB │ gzip:  3.11 kB
.svelte-kit/output/client/_app/immutable/nodes/3.DgI3U-Bt.js                                    8.78 kB │ gzip:  3.54 kB
.svelte-kit/output/client/_app/immutable/nodes/0.B1XPw_nJ.js                                   11.81 kB │ gzip:  4.76 kB
.svelte-kit/output/client/_app/immutable/chunks/Bk2qCJTn.js                                    26.30 kB │ gzip: 10.24 kB
.svelte-kit/output/client/_app/immutable/chunks/BvSP9kcT.js                                    29.68 kB │ gzip: 10.01 kB
.svelte-kit/output/client/_app/immutable/nodes/2.BfBDWVCc.js                                   31.41 kB │ gzip:  9.59 kB
.svelte-kit/output/client/_app/immutable/chunks/CZSp1f-p.js                                    57.37 kB │ gzip: 21.92 kB
.svelte-kit/output/client/_app/immutable/chunks/C5EmOSJr.js                                    59.95 kB │ gzip: 17.49 kB

[PLUGIN_TIMINGS] Your build spent significant time in plugins. Here is a breakdown:
  - vite-plugin-sveltekit-guard (88%)
  - vite-plugin-sveltekit-virtual-modules (7%)
  - vite-plugin-svelte:load-custom (5%)
See https://rolldown.rs/options/checks#plugintimings for more details.

[32m✓ built in 22.30s[39m
computing gzip size...
.svelte-kit/output/server/_app/immutable/assets/inter-vietnamese-wght-normal.CBcvBZtf.woff2     10.25 kB
.svelte-kit/output/server/_app/immutable/assets/inter-greek-ext-wght-normal.DlzME5K_.woff2      11.23 kB
.svelte-kit/output/server/.vite/manifest.json                                                   14.44 kB │ gzip:  1.58 kB
.svelte-kit/output/server/_app/immutable/assets/inter-cyrillic-wght-normal.DqGufNeO.woff2       18.74 kB
.svelte-kit/output/server/_app/immutable/assets/inter-greek-wght-normal.CkhJZR-_.woff2          18.99 kB
.svelte-kit/output/server/_app/immutable/assets/inter-cyrillic-ext-wght-normal.BOeWTOD4.woff2   25.96 kB
.svelte-kit/output/server/_app/immutable/assets/inter-latin-wght-normal.Dx4kXJAl.woff2          48.25 kB
.svelte-kit/output/server/_app/immutable/assets/inter-latin-ext-wght-normal.DO1Apj_S.woff2      85.06 kB
.svelte-kit/output/server/_app/immutable/assets/StaggerContainer.D852rmhR.css                    2.24 kB │ gzip:  0.33 kB
.svelte-kit/output/server/_app/immutable/assets/Lightbox.BT5oH4Y6.css                            4.78 kB │ gzip:  1.54 kB
.svelte-kit/output/server/_app/immutable/assets/_layout.CD2kRrN6.css                            80.84 kB │ gzip: 13.34 kB
.svelte-kit/output/server/entries/pages/cases/_slug_/_page.ts.js                                 0.23 kB │ gzip:  0.18 kB
.svelte-kit/output/server/entries/pages/articles/_slug_/_page.ts.js                              0.24 kB │ gzip:  0.18 kB
.svelte-kit/output/server/entries/pages/products/_slug_/_page.ts.js                              0.24 kB │ gzip:  0.18 kB
.svelte-kit/output/server/chunks/Lightbox.js                                                     0.32 kB │ gzip:  0.22 kB
.svelte-kit/output/server/internal.js                                                            0.43 kB │ gzip:  0.20 kB
.svelte-kit/output/server/entries/fallbacks/error.svelte.js                                      0.50 kB │ gzip:  0.32 kB
.svelte-kit/output/server/chunks/arrow-left.js                                                   0.50 kB │ gzip:  0.32 kB
.svelte-kit/output/server/chunks/arrow-right.js                                                  0.51 kB │ gzip:  0.32 kB
.svelte-kit/output/server/chunks/circle-check-big.js                                             0.55 kB │ gzip:  0.35 kB
.svelte-kit/output/server/chunks/mail.js                                                         0.57 kB │ gzip:  0.36 kB
.svelte-kit/output/server/chunks/map-pin.js                                                      0.61 kB │ gzip:  0.39 kB
.svelte-kit/output/server/chunks/phone.js                                                        0.65 kB │ gzip:  0.39 kB
.svelte-kit/output/server/chunks/package.js                                                      0.71 kB │ gzip:  0.41 kB
.svelte-kit/output/server/chunks/ruler.js                                                        0.72 kB │ gzip:  0.39 kB
.svelte-kit/output/server/chunks/SeoHead.js                                                      0.97 kB │ gzip:  0.44 kB
.svelte-kit/output/server/chunks/tag.js                                                          1.20 kB │ gzip:  0.51 kB
.svelte-kit/output/server/chunks/StaggerContainer.js                                             1.29 kB │ gzip:  0.51 kB
.svelte-kit/output/server/chunks/internal.js                                                     1.40 kB │ gzip:  0.56 kB
.svelte-kit/output/server/entries/endpoints/sitemap.xml/_server.ts.js                            1.57 kB │ gzip:  0.65 kB
.svelte-kit/output/server/chunks/badge.js                                                        1.97 kB │ gzip:  0.89 kB
.svelte-kit/output/server/chunks/CountUp.js                                                      2.10 kB │ gzip:  0.79 kB
.svelte-kit/output/server/chunks/cases.js                                                        2.23 kB │ gzip:  1.13 kB
.svelte-kit/output/server/chunks/products.js                                                     2.47 kB │ gzip:  1.29 kB
.svelte-kit/output/server/chunks/card.js                                                         3.35 kB │ gzip:  0.77 kB
.svelte-kit/output/server/chunks/button.js                                                       3.40 kB │ gzip:  1.18 kB
.svelte-kit/output/server/chunks/Icon.js                                                         3.77 kB │ gzip:  1.59 kB
.svelte-kit/output/server/entries/pages/articles/_page.svelte.js                                 4.22 kB │ gzip:  1.37 kB
.svelte-kit/output/server/chunks/state.js                                                        4.99 kB │ gzip:  1.93 kB
.svelte-kit/output/server/entries/pages/cases/_slug_/_page.svelte.js                             5.05 kB │ gzip:  1.55 kB
.svelte-kit/output/server/chunks/articles.js                                                     5.24 kB │ gzip:  2.70 kB
.svelte-kit/output/server/entries/pages/articles/_slug_/_page.svelte.js                          5.77 kB │ gzip:  1.84 kB
.svelte-kit/output/server/entries/pages/products/_slug_/_page.svelte.js                          5.80 kB │ gzip:  1.74 kB
.svelte-kit/output/server/entries/pages/products/_page.svelte.js                                 6.03 kB │ gzip:  2.08 kB
.svelte-kit/output/server/entries/pages/cases/_page.svelte.js                                    7.46 kB │ gzip:  2.04 kB
.svelte-kit/output/server/entries/pages/_layout.svelte.js                                        9.97 kB │ gzip:  3.39 kB
.svelte-kit/output/server/entries/pages/about/_page.svelte.js                                   10.71 kB │ gzip:  3.29 kB
.svelte-kit/output/server/chunks/exports.js                                                     11.79 kB │ gzip:  3.57 kB
.svelte-kit/output/server/chunks/uneval.js                                                      15.46 kB │ gzip:  4.25 kB
.svelte-kit/output/server/chunks/internal2.js                                                   20.65 kB │ gzip:  6.39 kB
.svelte-kit/output/server/chunks/shared.js                                                      25.17 kB │ gzip:  6.73 kB
.svelte-kit/output/server/chunks/utils.js                                                       36.33 kB │ gzip: 10.55 kB
.svelte-kit/output/server/entries/pages/_page.svelte.js                                         44.04 kB │ gzip:  9.10 kB
.svelte-kit/output/server/remote-entry.js                                                       54.17 kB │ gzip: 11.89 kB
.svelte-kit/output/server/index.js                                                             130.13 kB │ gzip: 33.18 kB
.svelte-kit/output/server/chunks/index-server.js                                               133.88 kB │ gzip: 34.70 kB

[PLUGIN_TIMINGS] Your build spent significant time in plugins. Here is a breakdown:
  - vite-plugin-sveltekit-guard (87%)
  - vite-plugin-sveltekit-virtual-modules (6%)
  - vite-plugin-svelte:load-custom (6%)
See https://rolldown.rs/options/checks#plugintimings for more details.

[32m✓ built in 1m 20s[39m
Run npm run preview to preview your production build locally.

> Using @sveltejs/adapter-static
  @sveltejs/adapter-static: all routes must be fully prerenderable, but found the following routes that are dynamic:
    - src\routes/
    - src\routes/about
    - src\routes/articles
    - src\routes/cases
    - src\routes/products
  
  You have the following options:
    - set the `fallback` option — see https://svelte.dev/docs/kit/single-page-apps#usage for more info.
    - add `export const prerender = true` to your root `+layout.js/.ts` or `+layout.server.js/.ts` file. This will try to prerender all pages.
    - add `export const prerender = true` to any `+server.js/ts` files that are not fetched by page `load` functions.
    - adjust the `prerender.entries` config option (routes with parameters are not part of entry points by default) — see https://svelte.dev/docs/kit/configuration#prerender for more info.
    - pass `strict: false` to `adapter-static` to ignore this error. Only do this if you are sure you don't need the routes in question in your final app, as they will be unavailable. See https://github.com/sveltejs/kit/tree/main/packages/adapter-static#strict for more info.
  
  If this doesn't help, you may need to use a different adapter. @sveltejs/adapter-static can only be used for sites that don't need a server for dynamic rendering, and can run on just a static file server.
  See https://svelte.dev/docs/kit/page-options#prerender for more details
error during build:
Error: Encountered dynamic routes
    at adapt (file:///D:/projects/GuirunPaint/node_modules/.pnpm/@sveltejs+adapter-static@3._94c06bc6e34e6d1179ba50313eaa394a/node_modules/@sveltejs/adapter-static/index.js:38:12)
    at adapt (file:///D:/projects/GuirunPaint/node_modules/.pnpm/@sveltejs+kit@2.65.1_@svelt_545f8bced44da85135238b27cd146967/node_modules/@sveltejs/kit/src/core/adapt/index.js:44:8)
    at finalise (file:///D:/projects/GuirunPaint/node_modules/.pnpm/@sveltejs+kit@2.65.1_@svelt_545f8bced44da85135238b27cd146967/node_modules/@sveltejs/kit/src/exports/vite/index.js:1559:13)
    at process.processTicksAndRejections (node:internal/process/task_queues:104:5)
    at async PluginContextImpl.handler (file:///D:/projects/GuirunPaint/node_modules/.pnpm/@sveltejs+kit@2.65.1_@svelt_545f8bced44da85135238b27cd146967/node_modules/@sveltejs/kit/src/exports/vite/index.js:1589:5)
    at async plugin (file:///D:/projects/GuirunPaint/node_modules/.pnpm/rolldown@1.0.3/node_modules/rolldown/dist/shared/bindingify-input-options-ClrST5Xx.mjs:1403:4)
    at async plugin.<computed> (file:///D:/projects/GuirunPaint/node_modules/.pnpm/rolldown@1.0.3/node_modules/rolldown/dist/shared/bindingify-input-options-ClrST5Xx.mjs:1625:12) {
  code: 'PLUGIN_ERROR',
  plugin: 'vite-plugin-sveltekit-compile',
  hook: 'closeBundle'
}
